  正在判斷要還原的專案...
  所有專案都在最新狀態，可進行還原。
  Core.Domain -> C:\repos\HybridIdP\Core.Domain\bin\Debug\net10.0\Core.Domain.dll
  Core.Application -> C:\repos\HybridIdP\Core.Application\bin\Debug\net10.0\Core.Application.dll
  Infrastructure -> C:\repos\HybridIdP\Infrastructure\bin\Debug\net10.0\Infrastructure.dll
  Infrastructure.Migrations.Postgres -> C:\repos\HybridIdP\Infrastructure.Migrations.Postgres\bin\Debug\net10.0\Infrastructure.Migrations.Postgres.dll
  Infrastructure.Migrations.SqlServer -> C:\repos\HybridIdP\Infrastructure.Migrations.SqlServer\bin\Debug\net10.0\Infrastructure.Migrations.SqlServer.dll
C:\repos\HybridIdP\Web.IdP\Controllers\Api\ImpersonationController.cs(42,60): error CS0103: 名稱 'JwtClaimTypes' 不存在於目前的內容中 [C:\repos\HybridIdP\Web.IdP\Web.IdP.csproj]
C:\repos\HybridIdP\Web.IdP\Controllers\Api\ImpersonationController.cs(54,44): error CS0103: 名稱 'JwtClaimTypes' 不存在於目前的內容中 [C:\repos\HybridIdP\Web.IdP\Web.IdP.csproj]
C:\repos\HybridIdP\Web.IdP\Services\LogSettingsSyncService.cs(32,26): warning CS0168: 已宣告變數 'ex'，但從未使用過它 [C:\repos\HybridIdP\Web.IdP\Web.IdP.csproj]
C:\repos\HybridIdP\Web.IdP\Api\UsersController.cs(509,52): error CS0117: 'AuthConstants.Roles' 未包含 'SuperAdmin' 的定義 [C:\repos\HybridIdP\Web.IdP\Web.IdP.csproj]
C:\repos\HybridIdP\Web.IdP\Api\UsersController.cs(516,51): error CS1061: 'ISessionService' 未包含 'CreateUserPrincipalAsync' 的定義，也找不到可接受類型 'ISessionService' 第一個引數的可存取擴充方法 'CreateUserPrincipalAsync' (是否遺漏 using 指示詞或組件參考?) [C:\repos\HybridIdP\Web.IdP\Web.IdP.csproj]
C:\repos\HybridIdP\Web.IdP\Api\UsersController.cs(526,46): error CS0103: 名稱 'JwtClaimTypes' 不存在於目前的內容中 [C:\repos\HybridIdP\Web.IdP\Web.IdP.csproj]
C:\repos\HybridIdP\Web.IdP\Api\UsersController.cs(526,69): error CS1503: 引數 2: 無法從 'string' 轉換成 'System.Security.Claims.ClaimsIdentity?' [C:\repos\HybridIdP\Web.IdP\Web.IdP.csproj]
C:\repos\HybridIdP\Web.IdP\Api\UsersController.cs(527,46): error CS0103: 名稱 'JwtClaimTypes' 不存在於目前的內容中 [C:\repos\HybridIdP\Web.IdP\Web.IdP.csproj]
C:\repos\HybridIdP\Web.IdP\Api\UsersController.cs(527,66): error CS1503: 引數 2: 無法從 'string' 轉換成 'System.Security.Claims.ClaimsIdentity?' [C:\repos\HybridIdP\Web.IdP\Web.IdP.csproj]

建置失敗。

C:\repos\HybridIdP\Web.IdP\Services\LogSettingsSyncService.cs(32,26): warning CS0168: 已宣告變數 'ex'，但從未使用過它 [C:\repos\HybridIdP\Web.IdP\Web.IdP.csproj]
C:\repos\HybridIdP\Web.IdP\Controllers\Api\ImpersonationController.cs(42,60): error CS0103: 名稱 'JwtClaimTypes' 不存在於目前的內容中 [C:\repos\HybridIdP\Web.IdP\Web.IdP.csproj]
C:\repos\HybridIdP\Web.IdP\Controllers\Api\ImpersonationController.cs(54,44): error CS0103: 名稱 'JwtClaimTypes' 不存在於目前的內容中 [C:\repos\HybridIdP\Web.IdP\Web.IdP.csproj]
C:\repos\HybridIdP\Web.IdP\Api\UsersController.cs(509,52): error CS0117: 'AuthConstants.Roles' 未包含 'SuperAdmin' 的定義 [C:\repos\HybridIdP\Web.IdP\Web.IdP.csproj]
C:\repos\HybridIdP\Web.IdP\Api\UsersController.cs(516,51): error CS1061: 'ISessionService' 未包含 'CreateUserPrincipalAsync' 的定義，也找不到可接受類型 'ISessionService' 第一個引數的可存取擴充方法 'CreateUserPrincipalAsync' (是否遺漏 using 指示詞或組件參考?) [C:\repos\HybridIdP\Web.IdP\Web.IdP.csproj]
C:\repos\HybridIdP\Web.IdP\Api\UsersController.cs(526,46): error CS0103: 名稱 'JwtClaimTypes' 不存在於目前的內容中 [C:\repos\HybridIdP\Web.IdP\Web.IdP.csproj]
C:\repos\HybridIdP\Web.IdP\Api\UsersController.cs(526,69): error CS1503: 引數 2: 無法從 'string' 轉換成 'System.Security.Claims.ClaimsIdentity?' [C:\repos\HybridIdP\Web.IdP\Web.IdP.csproj]
C:\repos\HybridIdP\Web.IdP\Api\UsersController.cs(527,46): error CS0103: 名稱 'JwtClaimTypes' 不存在於目前的內容中 [C:\repos\HybridIdP\Web.IdP\Web.IdP.csproj]
C:\repos\HybridIdP\Web.IdP\Api\UsersController.cs(527,66): error CS1503: 引數 2: 無法從 'string' 轉換成 'System.Security.Claims.ClaimsIdentity?' [C:\repos\HybridIdP\Web.IdP\Web.IdP.csproj]
    1 個警告
    8 個錯誤

經過時間 00:00:06.82
