  正在判斷要還原的專案...
  所有專案都在最新狀態，可進行還原。
  Core.Domain -> C:\repos\HybridIdP\Core.Domain\bin\Debug\net10.0\Core.Domain.dll
  Core.Application -> C:\repos\HybridIdP\Core.Application\bin\Debug\net10.0\Core.Application.dll
  Infrastructure -> C:\repos\HybridIdP\Infrastructure\bin\Debug\net10.0\Infrastructure.dll
  Infrastructure.Migrations.Postgres -> C:\repos\HybridIdP\Infrastructure.Migrations.Postgres\bin\Debug\net10.0\Infrastructure.Migrations.Postgres.dll
  Infrastructure.Migrations.SqlServer -> C:\repos\HybridIdP\Infrastructure.Migrations.SqlServer\bin\Debug\net10.0\Infrastructure.Migrations.SqlServer.dll
  Web.IdP -> C:\repos\HybridIdP\Web.IdP\bin\Debug\net10.0\Web.IdP.dll
  Tests.Application.UnitTests -> C:\repos\HybridIdP\Tests.Application.UnitTests\bin\Debug\net10.0\Tests.Application.UnitTests.dll
C:\repos\HybridIdP\Tests.Application.UnitTests\bin\Debug\net10.0\Tests.Application.UnitTests.dll 的測試回合 (.NETCoreApp,Version=v10.0)
VSTest 版本 18.0.1 (x64)

正在啟動測試執行，請稍候...
總共有 1 個測試檔案與指定的模式相符。
  失敗 Tests.Application.UnitTests.TokenServiceTests.HandleTokenRequestAsync_Password_ValidCredentials_ReturnsSignInResult [27 ms]
  錯誤訊息:
   Assert.IsType() Failure: Value is not the exact type
Expected: typeof(Microsoft.AspNetCore.Mvc.SignInResult)
Actual:   typeof(Microsoft.AspNetCore.Mvc.ForbidResult)
  堆疊追蹤:
     at Tests.Application.UnitTests.TokenServiceTests.HandleTokenRequestAsync_Password_ValidCredentials_ReturnsSignInResult() in C:\repos\HybridIdP\Tests.Application.UnitTests\TokenServiceTests.cs:line 164
--- End of stack trace from previous location ---
  失敗 Tests.Application.UnitTests.TokenServiceTests.HandleTokenRequestAsync_UnsupportedGrantType_ThrowsInvalidOperationException [3 ms]
  錯誤訊息:
   Assert.Throws() Failure: No exception was thrown
Expected: typeof(System.InvalidOperationException)
  堆疊追蹤:
     at Tests.Application.UnitTests.TokenServiceTests.HandleTokenRequestAsync_UnsupportedGrantType_ThrowsInvalidOperationException() in C:\repos\HybridIdP\Tests.Application.UnitTests\TokenServiceTests.cs:line 92
--- End of stack trace from previous location ---
  失敗 Tests.Application.UnitTests.TokenServiceTests.HandleTokenRequestAsync_ClientCredentials_ReturnsSignInResult [5 ms]
  錯誤訊息:
   Assert.True() Failure
Expected: True
Actual:   False
  堆疊追蹤:
     at Tests.Application.UnitTests.TokenServiceTests.HandleTokenRequestAsync_ClientCredentials_ReturnsSignInResult() in C:\repos\HybridIdP\Tests.Application.UnitTests\TokenServiceTests.cs:line 116
--- End of stack trace from previous location ---

失敗!  - 失敗:     3，通過:   455，略過:     0，總計:   458，持續時間: 5 s - Tests.Application.UnitTests.dll (net10.0)
